   Compiling a1314_daemon v0.2.0 (C:\Users\Josh\Documents\0000000000-MyApps\AppleWirelessA1314KyBrd\a1314_daemon)
    Finished `test` profile [unoptimized + debuginfo] target(s) in 0.82s
     Running tests\unit_tests.rs (target\debug\deps\unit_tests-b25c0f293a8a751d.exe)

running 28 tests
test action_executor_tests::test_appcommand_number_extraction ... ok
test action_executor_tests::test_key_combo_splitting ... ok
test action_executor_tests::test_modifier_identification ... ok
test action_executor_tests::test_run_command_extraction ... ok
test action_executor_tests::test_virtual_key_lookup ... ok
test key_mapper_tests::test_mapping_priority ... ok
test key_mapper_tests::test_normal_mapping ... ok
test logging_tests::test_log_message_format ... ok
test variable_maps_tests::test_string_to_hid_key_mapping ... ok
test hid_parser_tests::test_consumer_usage_extraction ... ok
test hid_parser_tests::test_fn_key_state_extraction ... ok
test hid_parser_tests::test_key_state_tracking ... ok
test hid_parser_tests::test_modifier_byte_parsing ... ok
test hid_parser_tests::test_report_id_detection ... ok
test key_mapper_tests::test_eject_mapping ... ok
test key_mapper_tests::test_fn_mapping ... ok
test key_mapper_tests::test_modifier_state_tracking ... ok
test logging_tests::test_log_level_priority ... ok
test key_mapper_tests::test_shift_mapping ... ok
test file_operations_tests::test_path_join ... ok
test variable_maps_tests::test_shifted_symbol_mapping ... ok
test variable_maps_tests::test_usage_page_ranges ... ok
test hid_parser_tests::test_key_rollover_detection ... ok
test variable_maps_tests::test_string_to_action_mapping ... ok
test file_operations_tests::test_file_exists ... ok
test action_executor_tests::test_key_event_delay ... ok
test file_operations_tests::test_file_write_read ... ok
test file_operations_tests::test_file_modification_detection ... ok

test result: ok. 28 passed; 0 failed; 0 ignored; 0 measured; 0 filtered out; finished in 0.01s

